main.c:696:6:StartDefaultTask	8	static
main.c:1402:6:show	48	static
main.c:1431:6:encoder_task	40	static
main.c:1513:6:sensorDist	72	static
main.c:228:6:SystemClock_Config	96	static,ignoring_inline_asm
main.c:128:5:main	112	static,ignoring_inline_asm
main.c:680:6:HAL_UART_RxCpltCallBack	0	static
main.c:736:6:stop	8	static
main.c:750:6:forwardR90	24	static
main.c:802:6:backwordR90	32	static
main.c:880:6:forwardL90	24	static
main.c:920:6:backwordL90	24	static
main.c:954:6:moveForward	16	static
main.c:978:6:moveForward1	16	static
main.c:1029:6:moveBackword	16	static
main.c:1051:6:moveBackword1	16	static
main.c:1072:6:turnForward	0	static
main.c:1076:6:turnLeft	0	static
main.c:1081:6:turnRight	0	static
main.c:1086:1:sentUART	32	static
main.c:1140:6:motors	32	static
main.c:1563:6:Error_Handler	0	static,ignoring_inline_asm
