main.c:578:6:StartDefaultTask	16	static
main.c:923:6:show	48	static
main.c:952:6:encoder_task	80	static
main.c:207:6:SystemClock_Config	72	static,ignoring_inline_asm
main.c:113:5:main	112	static,ignoring_inline_asm
main.c:562:6:HAL_UART_RxCpltCallBack	0	static
main.c:615:6:stop	8	static
main.c:629:6:turnR	16	static
main.c:654:6:turnL	24	static
main.c:692:6:moveForward	16	static
main.c:715:6:moveForward1	16	static
main.c:741:6:moveBackword	16	static
main.c:762:6:turnForward	0	static
main.c:767:6:turnLeft	0	static
main.c:772:6:turnRight	0	static
main.c:778:6:motors	32	static
main.c:1027:6:Error_Handler	0	static,ignoring_inline_asm
