main.c:124:5:main	8	static
main.c:224:6:SystemClock_Config	96	static
main.c:267:13:MX_ADC1_Init	24	static
main.c:312:13:MX_ADC2_Init	24	static
main.c:357:13:MX_TIM1_Init	96	static
main.c:431:13:MX_TIM2_Init	56	static
main.c:480:13:MX_TIM3_Init	56	static
main.c:529:13:MX_TIM8_Init	96	static
main.c:607:13:MX_USART3_UART_Init	8	static
main.c:640:13:MX_GPIO_Init	40	static
main.c:676:6:HAL_UART_RxCpltCallBack	16	static
main.c:692:6:StartDefaultTask	24	static
main.c:729:6:stop	16	static
main.c:743:6:turnR	16	static
main.c:768:6:turnL	16	static
main.c:806:6:moveForward	8	static
main.c:829:6:moveForward1	24	static
main.c:855:6:moveBackword	8	static
main.c:876:6:turnForward	4	static
main.c:881:6:turnLeft	4	static
main.c:886:6:turnRight	4	static
main.c:891:6:motors	32	static
main.c:1036:6:show	64	static
main.c:1065:6:encoder_task	80	static
main.c:1143:6:sensorDist	64	static
main.c:1180:6:Error_Handler	4	static,ignoring_inline_asm
